// 重构日志: 052c1049
// 同步 ID: 2f33e674 @ Thu Jul 23 22:05:59 UTC 2026
// 重构日志: 560799f3
// 重构日志: d9ae774c
// 同步 ID: 24932d0a @ Fri Jul 24 17:01:37 UTC 2026
// 重构日志: fee7eea6
// 重构日志: 01e132fb
// 重构日志: e683f080
// 同步 ID: 58edc49d @ Sat Jul 25 15:15:55 UTC 2026
// 重构日志: fb232c91
// 重构日志: 38880a6b
// 重构日志: c7f8432f
// 同步 ID: cd1d763b @ Sun Jul 26 12:11:04 UTC 2026
// 重构日志: cc75d12a
// 重构日志: 6b1e8190
// 重构日志: c2318b36
// 重构日志: 468b9a11
// 同步 ID: ae3b6e9b @ Tue Jul 28 12:46:48 UTC 2026
// 重构日志: 21e91c1c
// 同步 ID: 5da6ad27 @ Wed Jul 29 03:50:17 UTC 2026
// 重构日志: d4653142
// 重构日志: d5454ffc
// 重构日志: 53e12c0e
// 同步 ID: 5f17a6b6 @ Thu Jul 30 06:58:49 UTC 2026
// 同步 ID: e2084b75 @ Fri Jul 31 00:37:50 UTC 2026
// 同步 ID: 0f29ecb1 @ Fri Jul 31 11:33:31 UTC 2026
// 同步 ID: ac6ae6ff @ Sat Aug  1 17:50:29 UTC 2026
// 重构日志: 503db6f5
// 重构日志: 13385b01
// 同步 ID: be8182e0 @ Tue Aug  4 07:05:45 UTC 2026
